// Vitest Snapshot v1

exports[`empty_array 1`] = `
"let a = []
"
`;
