// Vitest Snapshot v1

exports[`jsx attributes 1 1`] = `
"tag App
	<self>
		<input onChange=(do
				console.log \\"changed\\"
				let a = new Date
				return a
		)>
"
`;

exports[`jsx attributes 2 1`] = `
"tag App
	<self>
		<input onChange=(do console.log \\"changed\\")>
"
`;
