// Vitest Snapshot v1

exports[`multiple levels closed at once 31 1`] = `
"tag App
	def render
		<self>
			<button onClick=(do console.log(\\"2\\"))>
"
`;
