// Vitest Snapshot v1

exports[`self closing 11 1`] = `
"tag App
	<self>
		<div [bgc:gray2]>
			<div>
				<img src=\\"\\">
			<span>
				\\"Test\\"
"
`;
