// Vitest Snapshot v1

exports[`strip types + export named declarations 123 1`] = `
"import React from \\"react\\"
import {interpolate,useCurrentFrame} from \\"remotion\\"
import {COLOR_1,FONT_FAMILY} from \\"./constants\\"
const subtitle = 
	fontFamily: FONT_FAMILY
	fontSize: 40
	textAlign: \\"center\\"
	position: \\"absolute\\"
	bottom: 140
	width: \\"100%\\"
const codeStyle = color: COLOR_1
export tag Subtitle
	def render
		const frame = useCurrentFrame()
		const opacity = interpolate(frame, [0, 30], [0, 1])
		<self>
			<div style={...subtitle, opacity: opacity}>
				\\"Edit \\"
				<code style=codeStyle>
					\\"src/Video.tsx\\"
				\\" and save to reload.\\"
"
`;
