// Vitest Snapshot v1

exports[`empty_string 1`] = `
"\\"\\"
"
`;
