// Vitest Snapshot v1

exports[`prevent_interpolation 1`] = `
"\\"#{a}\\"
"
`;
