// Vitest Snapshot v1

exports[`simple_string 1`] = `
"\\"hello\\"
"
`;
