// Vitest Snapshot v1

exports[`single_quotes 1`] = `
"\\"\\\\n\\"
"
`;
