// Vitest Snapshot v1

exports[`string_with_escapes 1`] = `
"\\"\\\\n\\"
"
`;
