// Vitest Snapshot v1

exports[`normal class with jsx 1`] = `
"tag Comp
	<self>
		<img>
"
`;
