// Vitest Snapshot v1

exports[`after_block_comment 1`] = `
"def x
	y
	###
# hello
###
"
`;
